// Jest Snapshot v1, https://goo.gl/fbAQLP

exports[`It renders correctly 1`] = `
<tr>
  <td>
    a
  </td>
  <td>
    1
  </td>
  <td>
    50
  </td>
</tr>
`;
