// Jest Snapshot v1, https://goo.gl/fbAQLP

exports[`It renders correctly 1`] = `
<button
  onClick={[Function]}
  style={
    Object {
      "backgroundColor": "#ff0000",
    }
  }
>
  a
</button>
`;
